
vinbandi@LIN22003911 MINGW64 ~
$ mkdir Assignments

vinbandi@LIN22003911 MINGW64 ~
$ cd Assignments

vinbandi@LIN22003911 MINGW64 ~/Assignments
$ touch README.txt

vinbandi@LIN22003911 MINGW64 ~/Assignments
$ git add .
fatal: not a git repository (or any of the parent directories): .git

vinbandi@LIN22003911 MINGW64 ~/Assignments
$ git init
Initialized empty Git repository in C:/Users/vinbandi/Assignments/.git/

vinbandi@LIN22003911 MINGW64 ~/Assignments (master)
$ git add .

vinbandi@LIN22003911 MINGW64 ~/Assignments (master)
$ git commit -m "updated README file"
[master (root-commit) 8c8b8a7] updated README file
 Committer: Bandi <vinay-kumar.bandi@capgemini.com>
Your name and email address were configured automatically based
on your username and hostname. Please check that they are accurate.
You can suppress this message by setting them explicitly:

    git config --global user.name "Your Name"
    git config --global user.email you@example.com

After doing this, you may fix the identity used for this commit with:

    git commit --amend --reset-author

 1 file changed, 1 insertion(+)
 create mode 100644 README.txt

vinbandi@LIN22003911 MINGW64 ~/Assignments (master)
$ git branch
* master

vinbandi@LIN22003911 MINGW64 ~/Assignments (master)
$ git branch html-assignments

vinbandi@LIN22003911 MINGW64 ~/Assignments (master)
$ git branch
  html-assignments
* master

vinbandi@LIN22003911 MINGW64 ~/Assignments (master)
$ git switch html-assignments
Switched to branch 'html-assignments'

vinbandi@LIN22003911 MINGW64 ~/Assignments (html-assignments)
$ touch index.html

vinbandi@LIN22003911 MINGW64 ~/Assignments (html-assignments)
$ git status
On branch html-assignments
Untracked files:
  (use "git add <file>..." to include in what will be committed)
        index.html

nothing added to commit but untracked files present (use "git add" to track)

vinbandi@LIN22003911 MINGW64 ~/Assignments (html-assignments)
$ git add index.html

vinbandi@LIN22003911 MINGW64 ~/Assignments (html-assignments)
$ git commit -m 'html files to html-assignments branch'
[html-assignments 3f31145] html files to html-assignments branch
 Committer: Bandi <vinay-kumar.bandi@capgemini.com>
Your name and email address were configured automatically based
on your username and hostname. Please check that they are accurate.
You can suppress this message by setting them explicitly:

    git config --global user.name "Your Name"
    git config --global user.email you@example.com

After doing this, you may fix the identity used for this commit with:

    git commit --amend --reset-author

 1 file changed, 0 insertions(+), 0 deletions(-)
 create mode 100644 index.html

vinbandi@LIN22003911 MINGW64 ~/Assignments (html-assignments)
$ touch home.html

vinbandi@LIN22003911 MINGW64 ~/Assignments (html-assignments)
$ touch app.html

vinbandi@LIN22003911 MINGW64 ~/Assignments (html-assignments)
$ git status
On branch html-assignments
Changes not staged for commit:
  (use "git add <file>..." to update what will be committed)
  (use "git restore <file>..." to discard changes in working directory)
        modified:   index.html

Untracked files:
  (use "git add <file>..." to include in what will be committed)
        app.html
        home.html

no changes added to commit (use "git add" and/or "git commit -a")

vinbandi@LIN22003911 MINGW64 ~/Assignments (html-assignments)
$ git add .

vinbandi@LIN22003911 MINGW64 ~/Assignments (html-assignments)
$ git commit -m 'updated html files'
[html-assignments 27e1a30] updated html files
 Committer: Bandi <vinay-kumar.bandi@capgemini.com>
Your name and email address were configured automatically based
on your username and hostname. Please check that they are accurate.
You can suppress this message by setting them explicitly:

    git config --global user.name "Your Name"
    git config --global user.email you@example.com

After doing this, you may fix the identity used for this commit with:

    git commit --amend --reset-author

 3 files changed, 3 insertions(+)
 create mode 100644 app.html
 create mode 100644 home.html

vinbandi@LIN22003911 MINGW64 ~/Assignments (html-assignments)
$ git switch master
Switched to branch 'master'

vinbandi@LIN22003911 MINGW64 ~/Assignments (master)
$ git status
On branch master
Changes not staged for commit:
  (use "git add <file>..." to update what will be committed)
  (use "git restore <file>..." to discard changes in working directory)
        modified:   README.txt

no changes added to commit (use "git add" and/or "git commit -a")

vinbandi@LIN22003911 MINGW64 ~/Assignments (master)
$ git add README.txt

vinbandi@LIN22003911 MINGW64 ~/Assignments (master)
$ git commit -m 'updated README file'
[master d50f2a1] updated README file
 Committer: Bandi <vinay-kumar.bandi@capgemini.com>
Your name and email address were configured automatically based
on your username and hostname. Please check that they are accurate.
You can suppress this message by setting them explicitly:

    git config --global user.name "Your Name"
    git config --global user.email you@example.com

After doing this, you may fix the identity used for this commit with:

    git commit --amend --reset-author

 1 file changed, 2 insertions(+), 1 deletion(-)

vinbandi@LIN22003911 MINGW64 ~/Assignments (master)
$ git switch html-assignments
Switched to branch 'html-assignments'

vinbandi@LIN22003911 MINGW64 ~/Assignments (html-assignments)
$ git status
On branch html-assignments
Changes not staged for commit:
  (use "git add <file>..." to update what will be committed)
  (use "git restore <file>..." to discard changes in working directory)
        modified:   home.html
        modified:   index.html

no changes added to commit (use "git add" and/or "git commit -a")

vinbandi@LIN22003911 MINGW64 ~/Assignments (html-assignments)
$ git add .

vinbandi@LIN22003911 MINGW64 ~/Assignments (html-assignments)
$ git commit -m 'updated html files'
[html-assignments c1234a5] updated html files
 Committer: Bandi <vinay-kumar.bandi@capgemini.com>
Your name and email address were configured automatically based
on your username and hostname. Please check that they are accurate.
You can suppress this message by setting them explicitly:

    git config --global user.name "Your Name"
    git config --global user.email you@example.com

After doing this, you may fix the identity used for this commit with:

    git commit --amend --reset-author

 2 files changed, 4 insertions(+), 2 deletions(-)

vinbandi@LIN22003911 MINGW64 ~/Assignments (html-assignments)
$ git switch master
Switched to branch 'master'

vinbandi@LIN22003911 MINGW64 ~/Assignments (master)
$ git merge html-assignments
Merge made by the 'ort' strategy.
 app.html   | 1 +
 home.html  | 2 ++
 index.html | 2 ++
 3 files changed, 5 insertions(+)
 create mode 100644 app.html
 create mode 100644 home.html
 create mode 100644 index.html

vinbandi@LIN22003911 MINGW64 ~/Assignments (master)
$ git branch --delete html-assignments
Deleted branch html-assignments (was c1234a5).

vinbandi@LIN22003911 MINGW64 ~/Assignments (master)
$ git branch
* master

vinbandi@LIN22003911 MINGW64 ~/Assignments (master)
$ git status
On branch master
nothing to commit, working tree clean

vinbandi@LIN22003911 MINGW64 ~/Assignments (master)
$ git branch css-assignments

vinbandi@LIN22003911 MINGW64 ~/Assignments (master)
$ git switch css-assignments
Switched to branch 'css-assignments'

vinbandi@LIN22003911 MINGW64 ~/Assignments (css-assignments)
$ touch style.css

vinbandi@LIN22003911 MINGW64 ~/Assignments (css-assignments)
$ touch beauty.css

vinbandi@LIN22003911 MINGW64 ~/Assignments (css-assignments)
$ touch modify.css

vinbandi@LIN22003911 MINGW64 ~/Assignments (css-assignments)
$ git status
On branch css-assignments
Untracked files:
  (use "git add <file>..." to include in what will be committed)
        beauty.css
        modify.css
        style.css

nothing added to commit but untracked files present (use "git add" to track)

vinbandi@LIN22003911 MINGW64 ~/Assignments (css-assignments)
$ git add .

vinbandi@LIN22003911 MINGW64 ~/Assignments (css-assignments)
$ git commit -m 'created css files'
[css-assignments 81a7c2c] created css files
 Committer: Bandi <vinay-kumar.bandi@capgemini.com>
Your name and email address were configured automatically based
on your username and hostname. Please check that they are accurate.
You can suppress this message by setting them explicitly:

    git config --global user.name "Your Name"
    git config --global user.email you@example.com

After doing this, you may fix the identity used for this commit with:

    git commit --amend --reset-author

 3 files changed, 0 insertions(+), 0 deletions(-)
 create mode 100644 beauty.css
 create mode 100644 modify.css
 create mode 100644 style.css

vinbandi@LIN22003911 MINGW64 ~/Assignments (css-assignments)
$ git status
On branch css-assignments
Changes not staged for commit:
  (use "git add <file>..." to update what will be committed)
  (use "git restore <file>..." to discard changes in working directory)
        modified:   README.txt

no changes added to commit (use "git add" and/or "git commit -a")

vinbandi@LIN22003911 MINGW64 ~/Assignments (css-assignments)
$ git add README.txt

vinbandi@LIN22003911 MINGW64 ~/Assignments (css-assignments)
$ git commit -m 'updated README file'
[css-assignments 55fbb49] updated README file
 Committer: Bandi <vinay-kumar.bandi@capgemini.com>
Your name and email address were configured automatically based
on your username and hostname. Please check that they are accurate.
You can suppress this message by setting them explicitly:

    git config --global user.name "Your Name"
    git config --global user.email you@example.com

After doing this, you may fix the identity used for this commit with:

    git commit --amend --reset-author

 1 file changed, 1 insertion(+), 1 deletion(-)

vinbandi@LIN22003911 MINGW64 ~/Assignments (css-assignments)
$ git switch master
Switched to branch 'master'

vinbandi@LIN22003911 MINGW64 ~/Assignments (master)
$ git status
On branch master
Changes not staged for commit:
  (use "git add <file>..." to update what will be committed)
  (use "git restore <file>..." to discard changes in working directory)
        modified:   README.txt
vinbandi@LIN22003911 MINGW64 ~/Assignments (master)
$ git add README.txt

vinbandi@LIN22003911 MINGW64 ~/Assignments (master)
$ git commit -m 'updated README file in master branch'
[master 486b6b0] updated README file in master branch
 Committer: Bandi <vinay-kumar.bandi@capgemini.com>
Your name and email address were configured automatically based
on your username and hostname. Please check that they are accurate.
You can suppress this message by setting them explicitly:

    git config --global user.name "Your Name"
    git config --global user.email you@example.com

After doing this, you may fix the identity used for this commit with:

    git commit --amend --reset-author

 1 file changed, 2 insertions(+), 1 deletion(-)

vinbandi@LIN22003911 MINGW64 ~/Assignments (master)
$ git switch css-assignments
Switched to branch 'css-assignments'

vinbandi@LIN22003911 MINGW64 ~/Assignments (css-assignments)
$ git status
On branch css-assignments
Changes not staged for commit:
  (use "git add <file>..." to update what will be committed)
  (use "git restore <file>..." to discard changes in working directory)
        modified:   beauty.css
        modified:   modify.css

no changes added to commit (use "git add" and/or "git commit -a")

vinbandi@LIN22003911 MINGW64 ~/Assignments (css-assignments)
$ git add .

vinbandi@LIN22003911 MINGW64 ~/Assignments (css-assignments)
$ git commit -m 'updated css files in assignments branch'
[css-assignments 69652db] updated css files in assignments branch
 Committer: Bandi <vinay-kumar.bandi@capgemini.com>
Your name and email address were configured automatically based
on your username and hostname. Please check that they are accurate.
You can suppress this message by setting them explicitly:

    git config --global user.name "Your Name"
    git config --global user.email you@example.com

After doing this, you may fix the identity used for this commit with:

    git commit --amend --reset-author

 2 files changed, 91 insertions(+)

vinbandi@LIN22003911 MINGW64 ~/Assignments (css-assignments)
$ git switch master
Switched to branch 'master'

vinbandi@LIN22003911 MINGW64 ~/Assignments (master)
$ git merge css-assignments
Auto-merging README.txt
CONFLICT (content): Merge conflict in README.txt
Automatic merge failed; fix conflicts and then commit the result.

vinbandi@LIN22003911 MINGW64 ~/Assignments (master|MERGING)
$ git status
On branch master
You have unmerged paths.
  (fix conflicts and run "git commit")
  (use "git merge --abort" to abort the merge)

Changes to be committed:
        new file:   beauty.css
        new file:   modify.css
        new file:   style.css

Unmerged paths:
  (use "git add <file>..." to mark resolution)
        both modified:   README.txt


vinbandi@LIN22003911 MINGW64 ~/Assignments (master|MERGING)
$ git add .

vinbandi@LIN22003911 MINGW64 ~/Assignments (master|MERGING)
$ git commit -m 'resolved merge conflict and then commiting'
[master 8512c07] resolved merge conflict and then commiting
 Committer: Bandi <vinay-kumar.bandi@capgemini.com>
Your name and email address were configured automatically based
on your username and hostname. Please check that they are accurate.
You can suppress this message by setting them explicitly:

    git config --global user.name "Your Name"
    git config --global user.email you@example.com

After doing this, you may fix the identity used for this commit with:

    git commit --amend --reset-author


vinbandi@LIN22003911 MINGW64 ~/Assignments (master)
$ git branch --delete css-assignments
Deleted branch css-assignments (was 69652db).

vinbandi@LIN22003911 MINGW64 ~/Assignments (master)
$ git branch
* master

vinbandi@LIN22003911 MINGW64 ~/Assignments (master)
$ git status
On branch master
nothing to commit, working tree clean
